"UtAddrValidateNbr","RunNbr","DataSrcNbr","DataSrcPk","Name","Raw Address1","Raw Address2","Raw City","Raw State","Raw CountryCode","Raw PostalCode","Std PoBox","Std StreetName","Std StreetNumber","Std StreetType","Std SubunitCode","Std SubunitType","Std Address1","Std Address2","Std City","Std State","Std PostalCode","Auth Address1","Auth Address2","Auth City","Auth State","Auth PostalCode","Auth Latitude","Auth Longitude","Auth AuthoritativeErrorMessage","StdAuth Address1","StdAuth Address2","StdAuth City","StdAuth State","StdAuth PostalCode","StdAuth StandardizationTime","StdAuth StandardizationErrorMessage","AuthRqstCd"
1,2,3,4,"Test Company","Raw 1","6406 Ivy Lane","Greenbelt","MD","AAA","BBB","PO","Ivy","6406","LANE","SUBUNIT","TYPE","STD 1","6406 Ivy LANE","Greenbelt","MD","SPC","AUTH 1","6406 IVY LN","GREENBELT","MD","20770-1440",9.0,-80.0,"NO ERROR","STAUTH1","6406 IVY LANE","Greenbelt","MD","20770-1440",,"NONE","AUTHRQST"
